// Jest Snapshot v1, https://goo.gl/fbAQLP

exports[`index.js Enabled Rules 1`] = `
{
  "@lipemat/security/dangerously-set-inner-html": [
    2,
  ],
  "@lipemat/security/html-executing-assignment": [
    2,
  ],
  "@lipemat/security/html-executing-function": [
    2,
  ],
  "@lipemat/security/html-sinks": [
    2,
  ],
  "@lipemat/security/html-string-concat": [
    2,
  ],
  "@lipemat/security/jquery-executing": [
    2,
  ],
  "@lipemat/security/vulnerable-tag-stripping": [
    2,
  ],
  "@lipemat/security/window-escaping": [
    2,
  ],
  "@wordpress/i18n-ellipsis": [
    2,
  ],
  "@wordpress/i18n-hyphenated-range": [
    2,
  ],
  "@wordpress/i18n-no-collapsible-whitespace": [
    2,
  ],
  "@wordpress/i18n-no-flanking-whitespace": [
    2,
  ],
  "@wordpress/i18n-no-placeholders-only": [
    2,
  ],
  "@wordpress/i18n-no-variables": [
    2,
  ],
  "@wordpress/i18n-text-domain": [
    2,
    {
      "allowedTextDomain": [
        "lipe",
      ],
    },
  ],
  "@wordpress/i18n-translator-comments": [
    2,
  ],
  "@wordpress/no-base-control-with-label-without-id": [
    2,
  ],
  "@wordpress/no-global-active-element": [
    2,
  ],
  "@wordpress/no-global-get-selection": [
    2,
  ],
  "@wordpress/no-unguarded-get-range-at": [
    2,
  ],
  "@wordpress/no-unsafe-wp-apis": [
    2,
  ],
  "@wordpress/no-unused-vars-before-return": [
    2,
    {
      "excludePattern": "^use",
    },
  ],
  "@wordpress/no-wp-process-env": [
    2,
  ],
  "@wordpress/valid-sprintf": [
    2,
  ],
  "array-bracket-spacing": [
    2,
    "always",
  ],
  "array-callback-return": [
    2,
    {
      "allowImplicit": false,
      "allowVoid": false,
      "checkForEach": false,
    },
  ],
  "arrow-parens": [
    1,
    "as-needed",
  ],
  "arrow-spacing": [
    1,
    {
      "after": true,
      "before": true,
    },
  ],
  "brace-style": [
    2,
    "1tbs",
  ],
  "camelcase": [
    2,
    {
      "allow": [],
      "ignoreDestructuring": false,
      "ignoreGlobals": false,
      "ignoreImports": false,
      "properties": "never",
    },
  ],
  "comma-dangle": [
    2,
    "always-multiline",
  ],
  "comma-spacing": [
    2,
  ],
  "comma-style": [
    2,
    "last",
  ],
  "computed-property-spacing": [
    2,
    "always",
  ],
  "constructor-super": [
    2,
  ],
  "curly": [
    2,
    "all",
  ],
  "deprecation/deprecation": [
    2,
  ],
  "dot-notation": [
    2,
    {
      "allowKeywords": true,
      "allowPattern": "",
    },
  ],
  "eol-last": [
    2,
  ],
  "eqeqeq": [
    2,
  ],
  "func-call-spacing": [
    2,
  ],
  "import/default": [
    1,
  ],
  "import/named": [
    0,
  ],
  "import/no-extraneous-dependencies": [
    2,
    {
      "peerDependencies": true,
    },
  ],
  "import/no-unresolved": [
    0,
    {
      "ignore": [
        "^@wordpress/(?!(icons|interface|style-engine))",
      ],
    },
  ],
  "indent": [
    1,
    "tab",
    {
      "SwitchCase": 1,
      "flatTernaryExpressions": false,
      "ignoreComments": false,
      "offsetTernaryExpressions": false,
    },
  ],
  "jsdoc/check-access": [
    2,
  ],
  "jsdoc/check-alignment": [
    2,
  ],
  "jsdoc/check-examples": [
    0,
  ],
  "jsdoc/check-indentation": [
    0,
  ],
  "jsdoc/check-line-alignment": [
    2,
    "always",
    {
      "preserveMainDescriptionPostDelimiter": true,
      "tags": [
        "param",
        "arg",
        "argument",
        "property",
        "prop",
      ],
    },
  ],
  "jsdoc/check-param-names": [
    2,
  ],
  "jsdoc/check-property-names": [
    2,
  ],
  "jsdoc/check-syntax": [
    0,
  ],
  "jsdoc/check-tag-names": [
    1,
    {
      "definedTags": [
        "notice",
        "link",
        "task",
        "ticket",
        "note",
      ],
    },
  ],
  "jsdoc/check-types": [
    2,
  ],
  "jsdoc/check-values": [
    0,
  ],
  "jsdoc/empty-tags": [
    2,
  ],
  "jsdoc/implements-on-classes": [
    2,
  ],
  "jsdoc/imports-as-dependencies": [
    0,
  ],
  "jsdoc/informative-docs": [
    0,
  ],
  "jsdoc/match-description": [
    0,
  ],
  "jsdoc/match-name": [
    0,
  ],
  "jsdoc/multiline-blocks": [
    1,
  ],
  "jsdoc/no-bad-blocks": [
    0,
  ],
  "jsdoc/no-blank-block-descriptions": [
    0,
  ],
  "jsdoc/no-blank-blocks": [
    0,
  ],
  "jsdoc/no-defaults": [
    0,
  ],
  "jsdoc/no-missing-syntax": [
    0,
  ],
  "jsdoc/no-multi-asterisks": [
    2,
    {
      "preventAtMiddleLines": false,
    },
  ],
  "jsdoc/no-restricted-syntax": [
    0,
  ],
  "jsdoc/no-types": [
    0,
  ],
  "jsdoc/no-undefined-types": [
    2,
    {
      "definedTypes": [
        "AbortController",
        "AbortSignal",
        "AnalyserNode",
        "Animation",
        "AnimationEffectReadOnly",
        "AnimationEffectTiming",
        "AnimationEffectTimingReadOnly",
        "AnimationEvent",
        "AnimationPlaybackEvent",
        "AnimationTimeline",
        "ApplicationCache",
        "ApplicationCacheErrorEvent",
        "Attr",
        "Audio",
        "AudioBuffer",
        "AudioBufferSourceNode",
        "AudioContext",
        "AudioDestinationNode",
        "AudioListener",
        "AudioNode",
        "AudioParam",
        "AudioProcessingEvent",
        "AudioScheduledSourceNode",
        "AudioWorkletGlobalScope",
        "AudioWorkletNode",
        "AudioWorkletProcessor",
        "BarProp",
        "BaseAudioContext",
        "BatteryManager",
        "BeforeUnloadEvent",
        "BiquadFilterNode",
        "Blob",
        "BlobEvent",
        "BroadcastChannel",
        "BudgetService",
        "ByteLengthQueuingStrategy",
        "Cache",
        "CacheStorage",
        "CanvasCaptureMediaStreamTrack",
        "CanvasGradient",
        "CanvasPattern",
        "CanvasRenderingContext2D",
        "ChannelMergerNode",
        "ChannelSplitterNode",
        "CharacterData",
        "ClipboardEvent",
        "ClipboardItem",
        "CloseEvent",
        "Comment",
        "CompositionEvent",
        "CompressionStream",
        "ConstantSourceNode",
        "ConvolverNode",
        "CountQueuingStrategy",
        "Credential",
        "CredentialsContainer",
        "Crypto",
        "CryptoKey",
        "CSS",
        "CSSConditionRule",
        "CSSFontFaceRule",
        "CSSGroupingRule",
        "CSSImportRule",
        "CSSKeyframeRule",
        "CSSKeyframesRule",
        "CSSMatrixComponent",
        "CSSMediaRule",
        "CSSNamespaceRule",
        "CSSPageRule",
        "CSSPerspective",
        "CSSRotate",
        "CSSRule",
        "CSSRuleList",
        "CSSScale",
        "CSSSkew",
        "CSSSkewX",
        "CSSSkewY",
        "CSSStyleDeclaration",
        "CSSStyleRule",
        "CSSStyleSheet",
        "CSSSupportsRule",
        "CSSTransformValue",
        "CSSTranslate",
        "CustomElementRegistry",
        "CustomEvent",
        "DataTransfer",
        "DataTransferItem",
        "DataTransferItemList",
        "DecompressionStream",
        "DelayNode",
        "DeviceMotionEvent",
        "DeviceOrientationEvent",
        "Document",
        "DocumentFragment",
        "DocumentType",
        "DOMError",
        "DOMException",
        "DOMImplementation",
        "DOMMatrix",
        "DOMMatrixReadOnly",
        "DOMParser",
        "DOMPoint",
        "DOMPointReadOnly",
        "DOMQuad",
        "DOMRect",
        "DOMRectList",
        "DOMRectReadOnly",
        "DOMStringList",
        "DOMStringMap",
        "DOMTokenList",
        "DragEvent",
        "DynamicsCompressorNode",
        "Element",
        "ErrorEvent",
        "Event",
        "EventSource",
        "EventTarget",
        "File",
        "FileList",
        "FileReader",
        "FocusEvent",
        "FontFace",
        "FontFaceSetLoadEvent",
        "FormData",
        "FormDataEvent",
        "GainNode",
        "Gamepad",
        "GamepadButton",
        "GamepadEvent",
        "HashChangeEvent",
        "Headers",
        "History",
        "HTMLAllCollection",
        "HTMLAnchorElement",
        "HTMLAreaElement",
        "HTMLAudioElement",
        "HTMLBaseElement",
        "HTMLBodyElement",
        "HTMLBRElement",
        "HTMLButtonElement",
        "HTMLCanvasElement",
        "HTMLCollection",
        "HTMLContentElement",
        "HTMLDataElement",
        "HTMLDataListElement",
        "HTMLDetailsElement",
        "HTMLDialogElement",
        "HTMLDirectoryElement",
        "HTMLDivElement",
        "HTMLDListElement",
        "HTMLDocument",
        "HTMLElement",
        "HTMLEmbedElement",
        "HTMLFieldSetElement",
        "HTMLFontElement",
        "HTMLFormControlsCollection",
        "HTMLFormElement",
        "HTMLFrameElement",
        "HTMLFrameSetElement",
        "HTMLHeadElement",
        "HTMLHeadingElement",
        "HTMLHRElement",
        "HTMLHtmlElement",
        "HTMLIFrameElement",
        "HTMLImageElement",
        "HTMLInputElement",
        "HTMLLabelElement",
        "HTMLLegendElement",
        "HTMLLIElement",
        "HTMLLinkElement",
        "HTMLMapElement",
        "HTMLMarqueeElement",
        "HTMLMediaElement",
        "HTMLMenuElement",
        "HTMLMetaElement",
        "HTMLMeterElement",
        "HTMLModElement",
        "HTMLObjectElement",
        "HTMLOListElement",
        "HTMLOptGroupElement",
        "HTMLOptionElement",
        "HTMLOptionsCollection",
        "HTMLOutputElement",
        "HTMLParagraphElement",
        "HTMLParamElement",
        "HTMLPictureElement",
        "HTMLPreElement",
        "HTMLProgressElement",
        "HTMLQuoteElement",
        "HTMLScriptElement",
        "HTMLSelectElement",
        "HTMLShadowElement",
        "HTMLSlotElement",
        "HTMLSourceElement",
        "HTMLSpanElement",
        "HTMLStyleElement",
        "HTMLTableCaptionElement",
        "HTMLTableCellElement",
        "HTMLTableColElement",
        "HTMLTableElement",
        "HTMLTableRowElement",
        "HTMLTableSectionElement",
        "HTMLTemplateElement",
        "HTMLTextAreaElement",
        "HTMLTimeElement",
        "HTMLTitleElement",
        "HTMLTrackElement",
        "HTMLUListElement",
        "HTMLUnknownElement",
        "HTMLVideoElement",
        "IDBCursor",
        "IDBCursorWithValue",
        "IDBDatabase",
        "IDBFactory",
        "IDBIndex",
        "IDBKeyRange",
        "IDBObjectStore",
        "IDBOpenDBRequest",
        "IDBRequest",
        "IDBTransaction",
        "IDBVersionChangeEvent",
        "IdleDeadline",
        "IIRFilterNode",
        "Image",
        "ImageBitmap",
        "ImageBitmapRenderingContext",
        "ImageCapture",
        "ImageData",
        "InputEvent",
        "IntersectionObserver",
        "IntersectionObserverEntry",
        "Intl",
        "KeyboardEvent",
        "KeyframeEffect",
        "KeyframeEffectReadOnly",
        "Location",
        "MediaDeviceInfo",
        "MediaDevices",
        "MediaElementAudioSourceNode",
        "MediaEncryptedEvent",
        "MediaError",
        "MediaKeyMessageEvent",
        "MediaKeySession",
        "MediaKeyStatusMap",
        "MediaKeySystemAccess",
        "MediaList",
        "MediaMetadata",
        "MediaQueryList",
        "MediaQueryListEvent",
        "MediaRecorder",
        "MediaSettingsRange",
        "MediaSource",
        "MediaStream",
        "MediaStreamAudioDestinationNode",
        "MediaStreamAudioSourceNode",
        "MediaStreamConstraints",
        "MediaStreamEvent",
        "MediaStreamTrack",
        "MediaStreamTrackEvent",
        "MessageChannel",
        "MessageEvent",
        "MessagePort",
        "MIDIAccess",
        "MIDIConnectionEvent",
        "MIDIInput",
        "MIDIInputMap",
        "MIDIMessageEvent",
        "MIDIOutput",
        "MIDIOutputMap",
        "MIDIPort",
        "MimeType",
        "MimeTypeArray",
        "MouseEvent",
        "MutationEvent",
        "MutationObserver",
        "MutationRecord",
        "NamedNodeMap",
        "NavigationPreloadManager",
        "Navigator",
        "NavigatorUAData",
        "NetworkInformation",
        "Node",
        "NodeFilter",
        "NodeIterator",
        "NodeList",
        "Notification",
        "OfflineAudioCompletionEvent",
        "OfflineAudioContext",
        "OffscreenCanvas",
        "OffscreenCanvasRenderingContext2D",
        "Option",
        "OscillatorNode",
        "OverconstrainedError",
        "PageTransitionEvent",
        "PannerNode",
        "Path2D",
        "PaymentAddress",
        "PaymentRequest",
        "PaymentRequestUpdateEvent",
        "PaymentResponse",
        "Performance",
        "PerformanceEntry",
        "PerformanceLongTaskTiming",
        "PerformanceMark",
        "PerformanceMeasure",
        "PerformanceNavigation",
        "PerformanceNavigationTiming",
        "PerformanceObserver",
        "PerformanceObserverEntryList",
        "PerformancePaintTiming",
        "PerformanceResourceTiming",
        "PerformanceTiming",
        "PeriodicWave",
        "Permissions",
        "PermissionStatus",
        "PhotoCapabilities",
        "Plugin",
        "PluginArray",
        "PointerEvent",
        "PopStateEvent",
        "Presentation",
        "PresentationAvailability",
        "PresentationConnection",
        "PresentationConnectionAvailableEvent",
        "PresentationConnectionCloseEvent",
        "PresentationConnectionList",
        "PresentationReceiver",
        "PresentationRequest",
        "ProcessingInstruction",
        "ProgressEvent",
        "PromiseRejectionEvent",
        "PushManager",
        "PushSubscription",
        "PushSubscriptionOptions",
        "RadioNodeList",
        "Range",
        "ReadableByteStreamController",
        "ReadableStream",
        "ReadableStreamBYOBReader",
        "ReadableStreamBYOBRequest",
        "ReadableStreamDefaultController",
        "ReadableStreamDefaultReader",
        "RemotePlayback",
        "Request",
        "ResizeObserver",
        "ResizeObserverEntry",
        "Response",
        "RTCCertificate",
        "RTCDataChannel",
        "RTCDataChannelEvent",
        "RTCDtlsTransport",
        "RTCIceCandidate",
        "RTCIceGatherer",
        "RTCIceTransport",
        "RTCPeerConnection",
        "RTCPeerConnectionIceEvent",
        "RTCRtpContributingSource",
        "RTCRtpReceiver",
        "RTCRtpSender",
        "RTCSctpTransport",
        "RTCSessionDescription",
        "RTCStatsReport",
        "RTCTrackEvent",
        "Screen",
        "ScreenOrientation",
        "ScriptProcessorNode",
        "SecurityPolicyViolationEvent",
        "Selection",
        "ServiceWorker",
        "ServiceWorkerContainer",
        "ServiceWorkerRegistration",
        "ShadowRoot",
        "SharedWorker",
        "SourceBuffer",
        "SourceBufferList",
        "SpeechSynthesisEvent",
        "SpeechSynthesisUtterance",
        "StaticRange",
        "StereoPannerNode",
        "Storage",
        "StorageEvent",
        "StorageManager",
        "StyleSheet",
        "StyleSheetList",
        "SubmitEvent",
        "SubtleCrypto",
        "SVGAElement",
        "SVGAngle",
        "SVGAnimatedAngle",
        "SVGAnimatedBoolean",
        "SVGAnimatedEnumeration",
        "SVGAnimatedInteger",
        "SVGAnimatedLength",
        "SVGAnimatedLengthList",
        "SVGAnimatedNumber",
        "SVGAnimatedNumberList",
        "SVGAnimatedPreserveAspectRatio",
        "SVGAnimatedRect",
        "SVGAnimatedString",
        "SVGAnimatedTransformList",
        "SVGAnimateElement",
        "SVGAnimateMotionElement",
        "SVGAnimateTransformElement",
        "SVGAnimationElement",
        "SVGCircleElement",
        "SVGClipPathElement",
        "SVGComponentTransferFunctionElement",
        "SVGDefsElement",
        "SVGDescElement",
        "SVGDiscardElement",
        "SVGElement",
        "SVGEllipseElement",
        "SVGFEBlendElement",
        "SVGFEColorMatrixElement",
        "SVGFEComponentTransferElement",
        "SVGFECompositeElement",
        "SVGFEConvolveMatrixElement",
        "SVGFEDiffuseLightingElement",
        "SVGFEDisplacementMapElement",
        "SVGFEDistantLightElement",
        "SVGFEDropShadowElement",
        "SVGFEFloodElement",
        "SVGFEFuncAElement",
        "SVGFEFuncBElement",
        "SVGFEFuncGElement",
        "SVGFEFuncRElement",
        "SVGFEGaussianBlurElement",
        "SVGFEImageElement",
        "SVGFEMergeElement",
        "SVGFEMergeNodeElement",
        "SVGFEMorphologyElement",
        "SVGFEOffsetElement",
        "SVGFEPointLightElement",
        "SVGFESpecularLightingElement",
        "SVGFESpotLightElement",
        "SVGFETileElement",
        "SVGFETurbulenceElement",
        "SVGFilterElement",
        "SVGForeignObjectElement",
        "SVGGElement",
        "SVGGeometryElement",
        "SVGGradientElement",
        "SVGGraphicsElement",
        "SVGImageElement",
        "SVGLength",
        "SVGLengthList",
        "SVGLinearGradientElement",
        "SVGLineElement",
        "SVGMarkerElement",
        "SVGMaskElement",
        "SVGMatrix",
        "SVGMetadataElement",
        "SVGMPathElement",
        "SVGNumber",
        "SVGNumberList",
        "SVGPathElement",
        "SVGPatternElement",
        "SVGPoint",
        "SVGPointList",
        "SVGPolygonElement",
        "SVGPolylineElement",
        "SVGPreserveAspectRatio",
        "SVGRadialGradientElement",
        "SVGRect",
        "SVGRectElement",
        "SVGScriptElement",
        "SVGSetElement",
        "SVGStopElement",
        "SVGStringList",
        "SVGStyleElement",
        "SVGSVGElement",
        "SVGSwitchElement",
        "SVGSymbolElement",
        "SVGTextContentElement",
        "SVGTextElement",
        "SVGTextPathElement",
        "SVGTextPositioningElement",
        "SVGTitleElement",
        "SVGTransform",
        "SVGTransformList",
        "SVGTSpanElement",
        "SVGUnitTypes",
        "SVGUseElement",
        "SVGViewElement",
        "TaskAttributionTiming",
        "Text",
        "TextDecoder",
        "TextDecoderStream",
        "TextEncoder",
        "TextEncoderStream",
        "TextEvent",
        "TextMetrics",
        "TextTrack",
        "TextTrackCue",
        "TextTrackCueList",
        "TextTrackList",
        "TimeRanges",
        "ToggleEvent",
        "Touch",
        "TouchEvent",
        "TouchList",
        "TrackEvent",
        "TransformStream",
        "TransformStreamDefaultController",
        "TransitionEvent",
        "TreeWalker",
        "UIEvent",
        "URL",
        "URLSearchParams",
        "ValidityState",
        "VisualViewport",
        "VTTCue",
        "WaveShaperNode",
        "WebAssembly",
        "WebGL2RenderingContext",
        "WebGLActiveInfo",
        "WebGLBuffer",
        "WebGLContextEvent",
        "WebGLFramebuffer",
        "WebGLProgram",
        "WebGLQuery",
        "WebGLRenderbuffer",
        "WebGLRenderingContext",
        "WebGLSampler",
        "WebGLShader",
        "WebGLShaderPrecisionFormat",
        "WebGLSync",
        "WebGLTexture",
        "WebGLTransformFeedback",
        "WebGLUniformLocation",
        "WebGLVertexArrayObject",
        "WebSocket",
        "WheelEvent",
        "Window",
        "Worker",
        "WritableStream",
        "WritableStreamDefaultController",
        "WritableStreamDefaultWriter",
        "XMLDocument",
        "XMLHttpRequest",
        "XMLHttpRequestEventTarget",
        "XMLHttpRequestUpload",
        "XMLSerializer",
        "XPathEvaluator",
        "XPathExpression",
        "XPathResult",
        "XRAnchor",
        "XRBoundedReferenceSpace",
        "XRCPUDepthInformation",
        "XRDepthInformation",
        "XRFrame",
        "XRInputSource",
        "XRInputSourceArray",
        "XRInputSourceEvent",
        "XRInputSourcesChangeEvent",
        "XRPose",
        "XRReferenceSpace",
        "XRReferenceSpaceEvent",
        "XRRenderState",
        "XRRigidTransform",
        "XRSession",
        "XRSessionEvent",
        "XRSpace",
        "XRSystem",
        "XRView",
        "XRViewerPose",
        "XRViewport",
        "XRWebGLBinding",
        "XRWebGLDepthInformation",
        "XRWebGLLayer",
        "XSLTProcessor",
        "ArrayLike",
        "Exclude",
        "Extract",
        "InstanceType",
        "Iterable",
        "IterableIterator",
        "NonNullable",
        "Omit",
        "Parameters",
        "Partial",
        "Pick",
        "PromiseLike",
        "Readonly",
        "ReadonlyArray",
        "ReadonlyMap",
        "ReadonlySet",
        "Record",
        "Required",
        "ReturnType",
        "ThisType",
        "unknown",
        "never",
        "NodeJS",
        "AsyncIterableIterator",
        "NodeRequire",
        "true",
        "false",
        "WPBlockChildren",
        "WPBlockNode",
        "WPBlockSelection",
        "WPBlockSerializationOptions",
        "WPBlock",
        "WPBlockBindingsSource",
        "WPBlockPattern",
        "WPBlockType",
        "WPBlockTypeIcon",
        "WPBlockTypeIconRender",
        "WPBlockTypeIconDescriptor",
        "WPIcon",
        "Component",
        "Element",
        "DOMHighResTimeStamp",
        "espree",
        "void",
        "JSX",
      ],
    },
  ],
  "jsdoc/require-asterisk-prefix": [
    0,
  ],
  "jsdoc/require-description": [
    0,
  ],
  "jsdoc/require-description-complete-sentence": [
    0,
  ],
  "jsdoc/require-example": [
    0,
  ],
  "jsdoc/require-file-overview": [
    0,
  ],
  "jsdoc/require-hyphen-before-param-description": [
    0,
  ],
  "jsdoc/require-jsdoc": [
    0,
  ],
  "jsdoc/require-param": [
    0,
  ],
  "jsdoc/require-param-description": [
    0,
  ],
  "jsdoc/require-param-name": [
    2,
  ],
  "jsdoc/require-param-type": [
    0,
  ],
  "jsdoc/require-property": [
    2,
  ],
  "jsdoc/require-property-description": [
    2,
  ],
  "jsdoc/require-property-name": [
    2,
  ],
  "jsdoc/require-property-type": [
    2,
  ],
  "jsdoc/require-returns": [
    0,
  ],
  "jsdoc/require-returns-check": [
    2,
  ],
  "jsdoc/require-returns-description": [
    0,
  ],
  "jsdoc/require-returns-type": [
    2,
  ],
  "jsdoc/require-throws": [
    0,
  ],
  "jsdoc/require-yields": [
    0,
  ],
  "jsdoc/require-yields-check": [
    1,
  ],
  "jsdoc/sort-tags": [
    0,
  ],
  "jsdoc/tag-lines": [
    1,
    "any",
    {
      "applyToEndTag": false,
      "endLines": 0,
      "startLines": null,
    },
  ],
  "jsdoc/text-escaping": [
    0,
  ],
  "jsdoc/valid-types": [
    2,
  ],
  "jsx-a11y/alt-text": [
    2,
  ],
  "jsx-a11y/anchor-ambiguous-text": [
    0,
  ],
  "jsx-a11y/anchor-has-content": [
    2,
  ],
  "jsx-a11y/anchor-is-valid": [
    2,
  ],
  "jsx-a11y/aria-activedescendant-has-tabindex": [
    2,
  ],
  "jsx-a11y/aria-props": [
    2,
  ],
  "jsx-a11y/aria-proptypes": [
    2,
  ],
  "jsx-a11y/aria-role": [
    2,
  ],
  "jsx-a11y/aria-unsupported-elements": [
    2,
  ],
  "jsx-a11y/autocomplete-valid": [
    2,
  ],
  "jsx-a11y/click-events-have-key-events": [
    2,
  ],
  "jsx-a11y/control-has-associated-label": [
    0,
    {
      "ignoreElements": [
        "audio",
        "canvas",
        "embed",
        "input",
        "textarea",
        "tr",
        "video",
      ],
      "ignoreRoles": [
        "grid",
        "listbox",
        "menu",
        "menubar",
        "radiogroup",
        "row",
        "tablist",
        "toolbar",
        "tree",
        "treegrid",
      ],
      "includeRoles": [
        "alert",
        "dialog",
      ],
    },
  ],
  "jsx-a11y/heading-has-content": [
    2,
  ],
  "jsx-a11y/html-has-lang": [
    2,
  ],
  "jsx-a11y/iframe-has-title": [
    2,
  ],
  "jsx-a11y/img-redundant-alt": [
    2,
  ],
  "jsx-a11y/interactive-supports-focus": [
    2,
    {
      "tabbable": [
        "button",
        "checkbox",
        "link",
        "searchbox",
        "spinbutton",
        "switch",
        "textbox",
      ],
    },
  ],
  "jsx-a11y/label-has-associated-control": [
    2,
    {
      "assert": "htmlFor",
    },
  ],
  "jsx-a11y/label-has-for": [
    0,
  ],
  "jsx-a11y/media-has-caption": [
    0,
  ],
  "jsx-a11y/mouse-events-have-key-events": [
    2,
  ],
  "jsx-a11y/no-access-key": [
    2,
  ],
  "jsx-a11y/no-autofocus": [
    2,
  ],
  "jsx-a11y/no-distracting-elements": [
    2,
  ],
  "jsx-a11y/no-interactive-element-to-noninteractive-role": [
    2,
    {
      "canvas": [
        "img",
      ],
      "tr": [
        "none",
        "presentation",
      ],
    },
  ],
  "jsx-a11y/no-noninteractive-element-interactions": [
    2,
    {
      "alert": [
        "onKeyUp",
        "onKeyDown",
        "onKeyPress",
      ],
      "body": [
        "onError",
        "onLoad",
      ],
      "dialog": [
        "onKeyUp",
        "onKeyDown",
        "onKeyPress",
      ],
      "handlers": [
        "onClick",
        "onError",
        "onLoad",
        "onMouseDown",
        "onMouseUp",
        "onKeyPress",
        "onKeyDown",
        "onKeyUp",
      ],
      "iframe": [
        "onError",
        "onLoad",
      ],
      "img": [
        "onError",
        "onLoad",
      ],
    },
  ],
  "jsx-a11y/no-noninteractive-element-to-interactive-role": [
    2,
    {
      "fieldset": [
        "radiogroup",
        "presentation",
      ],
      "li": [
        "menuitem",
        "menuitemradio",
        "menuitemcheckbox",
        "option",
        "row",
        "tab",
        "treeitem",
      ],
      "ol": [
        "listbox",
        "menu",
        "menubar",
        "radiogroup",
        "tablist",
        "tree",
        "treegrid",
      ],
      "table": [
        "grid",
      ],
      "td": [
        "gridcell",
      ],
      "ul": [
        "listbox",
        "menu",
        "menubar",
        "radiogroup",
        "tablist",
        "tree",
        "treegrid",
      ],
    },
  ],
  "jsx-a11y/no-noninteractive-tabindex": [
    0,
    {
      "allowExpressionValues": true,
      "roles": [
        "tabpanel",
      ],
      "tags": [],
    },
  ],
  "jsx-a11y/no-redundant-roles": [
    2,
  ],
  "jsx-a11y/no-static-element-interactions": [
    2,
    {
      "allowExpressionValues": true,
      "handlers": [
        "onClick",
        "onMouseDown",
        "onMouseUp",
        "onKeyPress",
        "onKeyDown",
        "onKeyUp",
      ],
    },
  ],
  "jsx-a11y/role-has-required-aria-props": [
    0,
  ],
  "jsx-a11y/role-supports-aria-props": [
    2,
  ],
  "jsx-a11y/scope": [
    2,
  ],
  "jsx-a11y/tabindex-no-positive": [
    2,
  ],
  "jsx-quotes": [
    2,
  ],
  "key-spacing": [
    2,
  ],
  "keyword-spacing": [
    2,
  ],
  "linebreak-style": [
    2,
    "unix",
  ],
  "lines-around-comment": [
    0,
  ],
  "no-alert": [
    2,
  ],
  "no-bitwise": [
    2,
    {
      "allow": [],
      "int32Hint": false,
    },
  ],
  "no-caller": [
    2,
  ],
  "no-cond-assign": [
    2,
    "except-parens",
  ],
  "no-console": [
    1,
    {
      "allow": [
        "warn",
        "error",
        "debug",
      ],
    },
  ],
  "no-const-assign": [
    2,
  ],
  "no-constant-binary-expression": [
    1,
  ],
  "no-debugger": [
    2,
  ],
  "no-dupe-args": [
    2,
  ],
  "no-dupe-class-members": [
    2,
  ],
  "no-dupe-keys": [
    2,
  ],
  "no-duplicate-case": [
    2,
  ],
  "no-duplicate-imports": [
    2,
    {
      "allowSeparateTypeImports": false,
      "includeExports": false,
    },
  ],
  "no-else-return": [
    2,
    {
      "allowElseIf": true,
    },
  ],
  "no-eval": [
    2,
    {
      "allowIndirect": false,
    },
  ],
  "no-extra-semi": [
    2,
  ],
  "no-fallthrough": [
    2,
    {
      "allowEmptyCase": false,
      "reportUnusedFallthroughComment": false,
    },
  ],
  "no-irregular-whitespace": [
    2,
    {
      "skipComments": false,
      "skipJSXText": false,
      "skipRegExps": false,
      "skipStrings": true,
      "skipTemplates": false,
    },
  ],
  "no-lonely-if": [
    2,
  ],
  "no-mixed-operators": [
    2,
  ],
  "no-mixed-spaces-and-tabs": [
    2,
  ],
  "no-multi-spaces": [
    2,
  ],
  "no-multi-str": [
    2,
  ],
  "no-multiple-empty-lines": [
    2,
    {
      "max": 2,
    },
  ],
  "no-nested-ternary": [
    2,
  ],
  "no-redeclare": [
    2,
    {
      "builtinGlobals": true,
    },
  ],
  "no-shadow": [
    2,
    {
      "allow": [],
      "builtinGlobals": false,
      "hoist": "functions",
      "ignoreFunctionTypeParameterNameValueShadow": true,
      "ignoreOnInitialization": false,
      "ignoreTypeValueShadow": true,
    },
  ],
  "no-trailing-spaces": [
    2,
  ],
  "no-undef": [
    2,
    {
      "typeof": false,
    },
  ],
  "no-undef-init": [
    2,
  ],
  "no-unreachable": [
    2,
  ],
  "no-unsafe-negation": [
    2,
    {
      "enforceForOrderingRelations": false,
    },
  ],
  "no-unused-expressions": [
    2,
    {
      "allowShortCircuit": false,
      "allowTaggedTemplates": false,
      "allowTernary": false,
      "enforceForJSX": false,
      "ignoreDirectives": false,
    },
  ],
  "no-unused-vars": [
    2,
    {
      "ignoreRestSiblings": true,
    },
  ],
  "no-useless-computed-key": [
    2,
    {
      "enforceForClassMembers": true,
    },
  ],
  "no-useless-constructor": [
    2,
  ],
  "no-useless-return": [
    2,
  ],
  "no-var": [
    2,
  ],
  "no-whitespace-before-property": [
    2,
  ],
  "no-with": [
    2,
  ],
  "object-curly-spacing": [
    1,
    "never",
  ],
  "object-shorthand": [
    2,
  ],
  "one-var-declaration-per-line": [
    2,
    "initializations",
  ],
  "operator-linebreak": [
    2,
  ],
  "padded-blocks": [
    2,
    "never",
  ],
  "prefer-const": [
    2,
    {
      "destructuring": "all",
      "ignoreReadBeforeAssign": false,
    },
  ],
  "quote-props": [
    2,
    "as-needed",
  ],
  "quotes": [
    2,
    "single",
    {
      "allowTemplateLiterals": true,
      "avoidEscape": true,
    },
  ],
  "react-hooks/exhaustive-deps": [
    1,
    {
      "additionalHooks": "^(useSelect|useSuspenseSelect)$",
    },
  ],
  "react-hooks/rules-of-hooks": [
    2,
  ],
  "react/display-name": [
    0,
  ],
  "react/jsx-curly-spacing": [
    1,
    {
      "allowMultiline": false,
      "children": true,
      "when": "never",
    },
  ],
  "react/jsx-equals-spacing": [
    2,
  ],
  "react/jsx-indent": [
    2,
    "tab",
  ],
  "react/jsx-indent-props": [
    2,
    "tab",
  ],
  "react/jsx-key": [
    2,
  ],
  "react/jsx-no-comment-textnodes": [
    2,
  ],
  "react/jsx-no-duplicate-props": [
    2,
  ],
  "react/jsx-no-target-blank": [
    2,
  ],
  "react/jsx-no-undef": [
    2,
  ],
  "react/jsx-tag-spacing": [
    2,
  ],
  "react/jsx-uses-react": [
    2,
  ],
  "react/jsx-uses-vars": [
    2,
  ],
  "react/no-children-prop": [
    0,
  ],
  "react/no-danger-with-children": [
    2,
  ],
  "react/no-deprecated": [
    2,
  ],
  "react/no-direct-mutation-state": [
    2,
  ],
  "react/no-find-dom-node": [
    2,
  ],
  "react/no-is-mounted": [
    2,
  ],
  "react/no-render-return-value": [
    2,
  ],
  "react/no-string-refs": [
    2,
  ],
  "react/no-unescaped-entities": [
    2,
    {
      "forbid": [
        ">",
        "}",
      ],
    },
  ],
  "react/no-unknown-property": [
    2,
  ],
  "react/no-unsafe": [
    0,
  ],
  "react/prop-types": [
    2,
    {
      "skipUndeclared": true,
    },
  ],
  "react/react-in-jsx-scope": [
    0,
  ],
  "react/require-render-return": [
    2,
  ],
  "semi": [
    2,
  ],
  "semi-spacing": [
    2,
  ],
  "space-before-blocks": [
    1,
    "always",
  ],
  "space-before-function-paren": [
    2,
    {
      "anonymous": "never",
      "asyncArrow": "ignore",
      "named": "never",
    },
  ],
  "space-in-parens": [
    2,
    "always",
  ],
  "space-infix-ops": [
    2,
  ],
  "space-unary-ops": [
    2,
    {
      "nonwords": false,
      "overrides": {
        "!": true,
        "yield": true,
      },
      "words": true,
    },
  ],
  "svelte/comment-directive": [
    2,
  ],
  "svelte/no-at-debug-tags": [
    1,
  ],
  "svelte/no-at-html-tags": [
    2,
  ],
  "svelte/no-dupe-else-if-blocks": [
    2,
  ],
  "svelte/no-dupe-style-properties": [
    2,
  ],
  "svelte/no-dynamic-slot-name": [
    2,
  ],
  "svelte/no-inner-declarations": [
    2,
    "functions",
    {
      "blockScopedFunctions": "allow",
    },
  ],
  "svelte/no-not-function-handler": [
    2,
  ],
  "svelte/no-object-in-text-mustaches": [
    2,
  ],
  "svelte/no-shorthand-style-property-overrides": [
    2,
  ],
  "svelte/no-unknown-style-directive-property": [
    2,
  ],
  "svelte/no-unused-svelte-ignore": [
    2,
  ],
  "svelte/system": [
    2,
  ],
  "svelte/valid-compile": [
    2,
  ],
  "template-curly-spacing": [
    1,
    "never",
  ],
  "valid-typeof": [
    2,
    {
      "requireStringLiterals": false,
    },
  ],
  "vars-on-top": [
    0,
  ],
  "wrap-iife": [
    2,
  ],
  "yoda": [
    2,
    "always",
    {
      "exceptRange": false,
      "onlyEquality": true,
    },
  ],
}
`;
