// Jest Snapshot v1, https://goo.gl/fbAQLP

exports[`JSDoc rules are enabled jsdoc/require-param 1`] = `
"PASS jest/fixtures/passing/jsdoc/require-param/rule-disabled.ts
  √ ESLint (mocked ms)

Test Suites: 1 passed, 1 total
Tests:       1 passed, 1 total
Snapshots:   0 total
Time:        
Ran all test suites.
"
`;
