// Jest Snapshot v1, https://jestjs.io/docs/snapshot-testing

exports[`Svelte rules are enabled svelte/no-dupe-style-properties 1`] = `
"FAIL jest/fixtures/failing/svelte/no-dupe-style-properties/CircleProgress.svelte
  × null (mocked ms)


E:\\SVN\\the-boilerplate\\packages\\eslint-config\\jest\\fixtures\\failing\\svelte\\no-dupe-style-properties\\CircleProgress.svelte
  19:0  error  Parsing error: A component can have a single top-level \`<style>\` element
https://svelte.dev/e/style_duplicate

✖ 1 problem (1 error, 0 warnings)

Test Suites: 1 failed, 1 total
Tests:       1 failed, 1 total
Snapshots:   0 total
Time:        
Ran all test suites.
"
`;
